---
source: tests/snapshot_test.rs
assertion_line: 92
expression: stdout
---
---
title: Pancakes
servings: 4
name: Pancakes
---

# Pancakes

## Ingredients

- *2 c* flour
- *1 1/2 c* milk
- *2* eggs
- *2 tbsp* sugar

## Cookware

- griddle

## Steps

1. Mix flour with milk. Add eggs and sugar. Cook on a griddle for 3 minutes
per side.
